ASxxxx Linker V03.00/V05.40 + sdld,  page 1.
Hexadecimal  [32-Bits]

Area                                    Addr        Size        Decimal Bytes (Attributes)
--------------------------------        ----        ----        ------- ----- ------------
.  .ABS.                            00000000    00000000 =           0. bytes (ABS,CON)

      Value  Global                              Global Defined In Module
      -----  --------------------------------   ------------------------
     00000000  .__.ABS.                           
     00000000  l_BIT_BANK                      
     00000000  l_BSEG                          
     00000000  l_BSEG_BYTES                    
     00000000  l_DSEG                          
     00000000  l_ISEG                          
     00000000  l_OSEG                          
     00000000  l_REG_BANK_0                    
     00000000  l_REG_BANK_1                    
     00000000  l_REG_BANK_2                    
     00000000  l_REG_BANK_3                    
     00000000  l_SSEG                          
     00000000  l__CODE                         
     00000000  s_BSEG                          
     00000000  s_DSEG                          
     00000000  s_REG_BANK_0                    
     00000000  s_VECTORS                       
     00000000  s_XSEG                          
     00000008  s_REG_BANK_1                    
     00000010  s_REG_BANK_2                    
     00000018  s_BIT_BANK                      
     00000018  s_ISEG                          
     00000018  s_OSEG                          
     00000018  s_REG_BANK_3                    
     00000018  s_SSEG                          
     00000020  s_BSEG_BYTES                    
     00000020  s__CODE                         
     00000026  l_VECTORS                       
     00000030  s_CSEG                          
     00000100  l_IRAM                          
     0000021B  l_XSEG                          
     00000F25  l_CSEG                          

ASxxxx Linker V03.00/V05.40 + sdld,  page 2.
Hexadecimal  [32-Bits]

Area                                    Addr        Size        Decimal Bytes (Attributes)
--------------------------------        ----        ----        ------- ----- ------------
CSEG                                00000030    00000F25 =        3877. bytes (REL,CON,CODE)

      Value  Global                              Global Defined In Module
      -----  --------------------------------   ------------------------
C:   00000030  sys_putc                           
C:   00000033  sys_getc                           
C:   00000036  sys_puts                           
C:   00000039  sys_gets                           
C:   0000003C  sys_puts_xram                      
C:   0000003F  sys_serial_isr                     
C:   00000042  sys_clrscrn                        
C:   00000045  sys_init                           
C:   00000049  sys_reset                          
C:   0000004D  cmd_line_parser_load               
C:   0000005A  cmd_line_parser_next_token         
C:   000000D2  cmd_dispatcher_exec                
C:   000000E8  cmd_dispatcher_find                
C:   000001B2  lcd_app                            
C:   000001B3  pwm_app                            
C:   000001B4  vt102_app                          
C:   000001B5  vt102_clear_screen                 
C:   000001BC  vt102_line_to                      
C:   000001BD  vt102_send_bs                      
C:   000001C4  vt102_send_spc                     
C:   000001CB  vt102_handle_BS                    
C:   000001F1  ahex2byte                          
C:   00000203  ahex2word                          
C:   00000212  get_hex_address                    
C:   00000224  skip_blanks                        
C:   0000022E  println                            
C:   00000239  printtab                           
C:   0000023F  printspc                           
C:   00000245  do_help                            
C:   00000291  do_ls                              
C:   000002DF  do_reset                           
C:   000002E3  do_peek                            
C:   00000319  do_poke                            
C:   00000354  do_dump                            
C:   000003DB  do_fill                            
C:   0000040E  do_copy                            
C:   0000044A  do_goto                            
C:   0000045F  do_iram                            
C:   000004B8  do_sfr                             
C:   000005B1  do_clear                           
C:   000005B5  do_write                           
C:   00000612  do_unknown                         
C:   0000061F  do_load                            
C:   00000620  uart_init                          
C:   0000063F  uart_rx_char                       
C:   00000670  uart_tx_char                       
C:   00000678  uart_tx_asciz                      
C:   00000684  uart_tx_asciz_xram                 
C:   0000068E  uart_rx_asciz                      
C:   000006E4  uart_rx_isr                        
ASxxxx Linker V03.00/V05.40 + sdld,  page 3.
Hexadecimal  [32-Bits]

Area                                    Addr        Size        Decimal Bytes (Attributes)
--------------------------------        ----        ----        ------- ----- ------------
CSEG                                00000030    00000F25 =        3877. bytes (REL,CON,CODE)

      Value  Global                              Global Defined In Module
      -----  --------------------------------   ------------------------
C:   00000720  return_uart_rx_buffer              
C:   00000724  uart_rx_buffer_size                
C:   00000732  strcmp                             
C:   0000075C  strncmp                            
C:   0000076D  memchr_c                           
C:   00000787  memchr                             
C:   000007A1  memcmp_c                           
C:   000007D0  memcpy_c                           
C:   000007EC  memset                             
C:   000007F6  memcpy                             
C:   0000080D  print_logo                         
C:   00000814  g51_logo                           
C:   00000A38  asc2nibble                         
C:   00000A4A  nibble2asc                         
C:   00000A5A  hex2asc                            
C:   00000A6A  title_str                          
C:   00000A8E  newline_str                        
C:   00000A91  command_prompt_str                 
C:   00000D48  help_table                         
C:   00000D80  help_txt                           
C:   00000D85  ls_txt                             
C:   00000D88  peek_txt                           
C:   00000D8D  poke_txt                           
C:   00000D92  dump_txt                           
C:   00000D97  clear_txt                          
C:   00000D9D  reset_txt                          
C:   00000DA3  fill_txt                           
C:   00000DA8  copy_txt                           
C:   00000DAD  goto_txt                           
C:   00000DB2  iram_txt                           
C:   00000DB7  sfr_txt                            
C:   00000DBB  write_txt                          
C:   00000DC1  msg_err                            
C:   00000EB4  app_table                          
C:   00000ECC  p0_txt                             
C:   00000ED2  pcon_txt                           
C:   00000ED7  tcon_txt                           
C:   00000EDC  tmod_txt                           
C:   00000EE1  tl0_txt                            
C:   00000EE5  tl1_txt                            
C:   00000EE9  th0_txt                            
C:   00000EED  th1_txt                            
C:   00000EF1  p1_txt                             
C:   00000EF4  scon_txt                           
C:   00000EF9  sbuf_txt                           
C:   00000EFE  p2_txt                             
C:   00000F01  ie_txt                             
C:   00000F04  p3_txt                             
C:   00000F07  ip_txt                             
C:   00000F0A  psw_txt                            
C:   00000F0E  acc_txt                            
ASxxxx Linker V03.00/V05.40 + sdld,  page 4.
Hexadecimal  [32-Bits]

Area                                    Addr        Size        Decimal Bytes (Attributes)
--------------------------------        ----        ----        ------- ----- ------------
CSEG                                00000030    00000F25 =        3877. bytes (REL,CON,CODE)

      Value  Global                              Global Defined In Module
      -----  --------------------------------   ------------------------
C:   00000F12  b_txt                              
ASxxxx Linker V03.00/V05.40 + sdld,  page 5.
Hexadecimal  [32-Bits]

Area                                    Addr        Size        Decimal Bytes (Attributes)
--------------------------------        ----        ----        ------- ----- ------------
XSEG                                00000000    0000021B =         539. bytes (REL,CON,XDATA)

      Value  Global                              Global Defined In Module
      -----  --------------------------------   ------------------------
D:   00000109  uart_rx_buffer                     
D:   00000209  uart_rx_buffer_head                
D:   0000020A  uart_rx_buffer_tail                
ASxxxx Linker V03.00/V05.40 + sdld,  page 6.
Hexadecimal  [32-Bits]

Area                                    Addr        Size        Decimal Bytes (Attributes)
--------------------------------        ----        ----        ------- ----- ------------
VECTORS                             00000000    00000026 =          38. bytes (REL,CON,CODE)

      Value  Global                              Global Defined In Module
      -----  --------------------------------   ------------------------
ASxxxx Linker V03.00/V05.40 + sdld,  page 7.

Files Linked                              [ module(s) ]

bin/bios.rel                              [  ]
bin/cmd_line_parser.rel                   [  ]
bin/cmd_dispatch.rel                      [  ]
bin/apps.rel                              [  ]
bin/vt102.rel                             [  ]
bin/conio.rel                             [  ]
bin/commands.rel                          [  ]
bin/uart.rel                              [  ]
bin/string.rel                            [  ]
bin/logo.rel                              [  ]
bin/ascii.rel                             [  ]
bin/constants.rel                         [  ]
bin/g51_sdcc.rel                          [  ]

ASxxxx Linker V03.00/V05.40 + sdld,  page 8.

User Base Address Definitions

VECTORS=0x0000
CSEG=0x0030
XSEG=0x0000

