ASxxxx Assembler V02.00 + NoICE + SDCC mods  (Intel 8051)               Page 1
Hexadecimal [24-Bits]



                                      1 .include "uart.inc"
                                      1 .globl uart_init
                                      2 
                                      3 ; receives a character via serial line
                                      4 ; ==> none
                                      5 ; <== a: character received
                                      6 .globl uart_rx_char
                                      7 
                                      8 ; sends a character via serial line
                                      9 ; ==> a:	character to send
                                     10 ; <== none
                                     11 .globl uart_tx_char
                                     12 
                                     13 ; sends an null-terminated string via serial line
                                     14 ; ==> dptr: address of string
                                     15 ; <== none
                                     16 .globl uart_tx_asciz
                                     17 
                                     18 ; receives a null-terminated string via serial line
                                     19 ; ==> none
                                     20 ; <== dptr: address of received string
                                     21 .globl uart_rx_asciz
                                     22 
                                     23 .globl uart_rx_isr
                                     24 
                                     25 .globl return_uart_rx_buffer
                                     26 
                                     27 .globl uart_rx_buffer_size
                                     28 
                                     29 .globl uart_tx_asciz_xram
ASxxxx Assembler V02.00 + NoICE + SDCC mods  (Intel 8051)               Page 2
Hexadecimal [24-Bits]



                                      2 .include "constants.inc"
                           000009     1 TAB			.equ		0x09
                           000000     2 NULL 		.equ		0x00 
                           000008     3 BS 			.equ		0x08
                           000020     4 SPC			.equ		0x20
                           00000A     5 CR			.equ		0x0a
                           00000D     6 LF			.equ		0x0d
                           00007F     7 DEL			.equ		0x7f
                                      8 
                                      9 .globl title_str
                                     10 .globl newline_str
                                     11 .globl command_prompt_str
                                     12 .globl help_table
                                     13 .globl app_table
                                     14 .globl p0_txt
                                     15 .globl p1_txt
                                     16 .globl p2_txt
                                     17 .globl p3_txt
                                     18 .globl pcon_txt
                                     19 .globl psw_txt
                                     20 .globl ip_txt
                                     21 .globl ie_txt
                                     22 .globl tcon_txt
                                     23 .globl tmod_txt
                                     24 .globl tl0_txt
                                     25 .globl tl1_txt
                                     26 .globl th0_txt
                                     27 .globl th1_txt
                                     28 .globl scon_txt
                                     29 .globl sbuf_txt
                                     30 .globl acc_txt
                                     31 .globl b_txt
                                     32 .globl help_txt
                                     33 .globl ls_txt
                                     34 .globl peek_txt
                                     35 .globl poke_txt
                                     36 .globl clear_txt
                                     37 .globl reset_txt
                                     38 .globl write_txt
                                     39 .globl dump_txt
                                     40 .globl fill_txt
                                     41 .globl copy_txt
                                     42 .globl goto_txt
                                     43 .globl iram_txt
                                     44 .globl sfr_txt
                                     45 .globl msg_err
ASxxxx Assembler V02.00 + NoICE + SDCC mods  (Intel 8051)               Page 3
Hexadecimal [24-Bits]



                                      3 .include "vt102.inc"
                                      1 
                           00001B     2 VT102_ESC			.equ		0x1b
                                      3 
                                      4 .globl vt102_clear_screen
                                      5 
                                      6 ; draws a line from the current position to a destination
                                      7 ; --> r7: row of end of line
                                      8 ; --> r6: col of end of line
                                      9 .globl vt102_line_to
                                     10 
                                     11 .globl vt102_send_bs
                                     12 
                                     13 .globl vt102_send_spc
                                     14 
                                     15 .globl vt102_handle_BS
ASxxxx Assembler V02.00 + NoICE + SDCC mods  (Intel 8051)               Page 4
Hexadecimal [24-Bits]



                                      4 
                                      5 .area CSEG (CODE)
                                      6 
      000000                          7 uart_init:
      000000 53 89 0F         [24]    8     anl tmod, #0x0f					; Clear Timer 1 mode bits
      000003 43 89 20         [24]    9     orl tmod, #0x20					; Set Timer 1 to Mode 2 (8-bit auto-reload)
                                     10     
                                     11     ;mov th1, #0xff                 ; 57600 bps at 11.0592 MHz
      000006 75 8D FA         [24]   12 	mov th1, #0xfa					; 19200 bps
      000009 75 8D FD         [24]   13 	mov th1, #0xfd					; 9600 bps
                                     14     
      00000C 43 87 80         [24]   15     orl pcon, #0x80					; Set SMOD to 1 (Doubles the baud rate generation)
                                     16     
      00000F 75 98 50         [24]   17     mov scon, #0x50					; Mode 1 (8-bit UART), ENABLE receiver (REN=1)
      000012 D2 8E            [12]   18     setb tr1                        ; Start Timer 1
                                     19     
                                     20     ;setb ti                        ; set transmitter 'ready'
                                     21 
      000014 74 00            [12]   22 	mov a, #0x00
      000016 90 01 00         [24]   23 	mov dptr, #uart_rx_buffer_head
      000019 F0               [24]   24 	movx @dptr, a
      00001A 90 01 01         [24]   25 	mov dptr,#uart_rx_buffer_tail
      00001D F0               [24]   26 	movx @dptr, a
                                     27 
      00001E 22               [24]   28     ret
                                     29 
                                     30 ;uart_rx_char:
                                     31 ;	jnb ri, uart_rx_char			; wait for character to arrive
                                     32 ;	clr ri							; clear receiveer
                                     33 ;	mov a, sbuf						; get character
                                     34 ;	ret
                                     35 
      00001F                         36 uart_rx_char:
      00001F C0 82            [24]   37 	push dpl
      000021 C0 83            [24]   38 	push dph
                                     39 	; if buffer is not empty, process char
      000023 90 01 00         [24]   40 	mov dptr, #uart_rx_buffer_head
      000026 E0               [24]   41 	movx a, @dptr
      000027 F5 F0            [12]   42 	mov b, a							; save buffer head for later use
      000029                         43 uart_rx_wait_loop:
      000029 90 01 01         [24]   44 	mov dptr, #uart_rx_buffer_tail
      00002C E0               [24]   45 	movx a, @dptr						; read value of buffer tail
      00002D B5 F0 02         [24]   46 	cjne a, b, uart_rx_process_char		; compare to buffer head, it not same then there is a char
      000030 80 F7            [24]   47 	sjmp uart_rx_wait_loop				; otherwise loop back and wait for char
      000032                         48 uart_rx_process_char:
                                     49 	; process char, store in a
      000032 90 00 00         [24]   50 	mov dptr, #uart_rx_buffer
      000035 E5 F0            [12]   51 	mov a, b							; restore buffer head
      000037 25 82            [12]   52 	add a, dpl							; add head to buffer
      000039 50 02            [24]   53 	jnc uart_rx_char_skip_dph
      00003B 05 83            [12]   54 	inc dph
      00003D                         55 uart_rx_char_skip_dph:
      00003D F5 82            [12]   56 	mov dpl, a							; dptr contains address of char at buffer + head
      00003F E0               [24]   57 	movx a, @dptr						; retrieve character from buffer
      000040 C0 E0            [24]   58 	push acc							; save char
ASxxxx Assembler V02.00 + NoICE + SDCC mods  (Intel 8051)               Page 5
Hexadecimal [24-Bits]



                                     59 	; advance buffer head
      000042 E5 F0            [12]   60 	mov a, b							; b still contains buffer head
      000044 04               [12]   61 	inc a
      000045 90 01 00         [24]   62 	mov dptr, #uart_rx_buffer_head
      000048 F0               [24]   63 	movx @dptr, a		
      000049 D0 E0            [24]   64 	pop acc								; restore retrieved char
      00004B                         65 uart_rx_char_exit:
      00004B D0 83            [24]   66 	pop dph
      00004D D0 82            [24]   67 	pop dpl
      00004F 22               [24]   68 	ret
                                     69 
      000050                         70 uart_tx_char:
      000050 F5 99            [12]   71 	mov sbuf, a
      000052                         72 uart_tx_char_here:
      000052 30 99 FD         [24]   73 	jnb ti, uart_tx_char_here
      000055 C2 99            [12]   74 	clr ti
      000057 22               [24]   75 	ret
                                     76 
      000058                         77 uart_tx_asciz:
      000058 74 00            [12]   78 	mov a, #0x00	
      00005A 93               [24]   79 	movc a, @a + dptr
      00005B 60 06            [24]   80 	jz uart_tx_asciz_exit
      00005D 12 00 50         [24]   81 	lcall uart_tx_char
      000060 A3               [24]   82 	inc dptr
      000061 80 F5            [24]   83 	sjmp uart_tx_asciz
      000063                         84 uart_tx_asciz_exit:
      000063 22               [24]   85 	ret
                                     86 
      000064                         87 uart_tx_asciz_xram:
      000064 E0               [24]   88 	movx a, @dptr
      000065 60 06            [24]   89 	jz uart_tx_asciz_xram_exit
      000067 12 00 50         [24]   90 	lcall uart_tx_char
      00006A A3               [24]   91 	inc dptr
      00006B 80 F7            [24]   92 	sjmp uart_tx_asciz_xram
      00006D                         93 uart_tx_asciz_xram_exit:
      00006D 22               [24]   94 	ret
                                     95 
      00006E                         96 uart_rx_asciz:
      00006E AF 83            [24]   97 	mov R7, dph
      000070 AE 82            [24]   98 	mov R6, dpl									; save start of buffer for empty check later
      000072                         99 uart_rx_asciz_loop:
      000072 12 00 1F         [24]  100 	lcall uart_rx_char
      000075 F5 F0            [12]  101 	mov b, a									; make copy of it, next statements destroy char in a
      000077 60 47            [24]  102 	jz uart_rx_asciz_exit						; if NULL then exit
      000079 64 0D            [12]  103 	xrl a, #0x0d
      00007B 60 43            [24]  104 	jz uart_rx_asciz_exit						; if CR then exit
      00007D E5 F0            [12]  105 	mov a, b									; restore copy of char
      00007F 64 0A            [12]  106 	xrl a, #0x0a
      000081 60 3D            [24]  107 	jz uart_rx_asciz_exit						; if LF then exit
      000083 E5 F0            [12]  108 	mov a, b
      000085 64 08            [12]  109 	xrl a, #BS									; check for BS
      000087 70 02            [24]  110 	jnz uart_rx_asciz_process_del
      000089 80 06            [24]  111 	sjmp uart_rx_asciz_process_del_or_bs
      00008B                        112 uart_rx_asciz_process_del:
      00008B E5 F0            [12]  113 	mov a, b
ASxxxx Assembler V02.00 + NoICE + SDCC mods  (Intel 8051)               Page 6
Hexadecimal [24-Bits]



      00008D 64 7F            [12]  114 	xrl a, #DEL
      00008F 70 26            [24]  115 	jnz uart_rx_asciz_process_char
      000091                        116 uart_rx_asciz_process_del_or_bs:
      000091 E5 83            [12]  117 	mov a, dph
      000093 B5 07 07         [24]  118 	cjne a, 0x07, process_bs_or_del
      000096 E5 82            [12]  119 	mov a, dpl
      000098 B5 06 02         [24]  120 	cjne a, 0x06, process_bs_or_del
      00009B 80 D5            [24]  121 	sjmp uart_rx_asciz_loop
      00009D                        122 process_bs_or_del:
      00009D E5 82            [12]  123 	mov a, dpl
      00009F C3               [12]  124 	clr c
      0000A0 94 01            [12]  125 	subb a, #0x01
      0000A2 F5 82            [12]  126 	mov dpl, a
      0000A4 E5 83            [12]  127 	mov a, dph
      0000A6 94 00            [12]  128 	subb a, #0x00
      0000A8 F5 83            [12]  129 	mov dph, a
      0000AA C0 82            [24]  130 	push dpl
      0000AC C0 83            [24]  131 	push dph
      0000AE 12 00 00         [24]  132 	lcall vt102_handle_BS
      0000B1 D0 83            [24]  133 	pop dph
      0000B3 D0 82            [24]  134 	pop dpl
      0000B5 80 BB            [24]  135 	sjmp uart_rx_asciz_loop
      0000B7                        136 uart_rx_asciz_process_char:
      0000B7 E5 F0            [12]  137 	mov a, b
      0000B9 F0               [24]  138 	movx @dptr, a								; not NULL, CR or LF, keep it
      0000BA A3               [24]  139 	inc dptr
      0000BB 12 00 50         [24]  140 	lcall uart_tx_char							; echo char
      0000BE 80 B2            [24]  141 	sjmp uart_rx_asciz_loop
      0000C0                        142 uart_rx_asciz_exit:
      0000C0 74 00            [12]  143 	mov a, #0x00								; the last character must be NULL
      0000C2 F0               [24]  144 	movx @dptr, a
      0000C3 22               [24]  145 	ret
                                    146 
      0000C4                        147 uart_rx_isr:
      0000C4 C0 E0            [24]  148 	push acc
      0000C6 C0 F0            [24]  149 	push b
      0000C8 C0 D0            [24]  150 	push psw
      0000CA C0 82            [24]  151 	push dpl
      0000CC C0 83            [24]  152 	push dph
      0000CE E8               [12]  153 	mov a, r0
      0000CF C0 E0            [24]  154 	push acc
      0000D1 20 98 02         [24]  155 	jb ri, uart_rx_handler
                                    156 	;jbc ti, uart_rx_isr_exit
      0000D4 80 1C            [24]  157 	sjmp uart_rx_isr_exit
      0000D6                        158 uart_rx_handler:
      0000D6 C2 98            [12]  159 	clr ri
      0000D8 E5 99            [12]  160 	mov a, sbuf							; retrieve received character
                                    161 	;mov sbuf, a
      0000DA F5 F0            [12]  162 	mov b, a							; save it for later
      0000DC 90 01 01         [24]  163 	mov dptr, #uart_rx_buffer_tail
      0000DF E0               [24]  164 	movx a, @dptr						; get tail position
      0000E0 F8               [12]  165 	mov r0, a							; save buffer tail value
      0000E1 04               [12]  166 	inc a								; increment current buffer tail value
      0000E2 F0               [24]  167 	movx @dptr, a						; save it back
      0000E3 90 00 00         [24]  168 	mov dptr, #uart_rx_buffer			; get address of rx buffer
ASxxxx Assembler V02.00 + NoICE + SDCC mods  (Intel 8051)               Page 7
Hexadecimal [24-Bits]



      0000E6 E8               [12]  169 	mov a, r0							; restore buffer tail value
      0000E7 25 82            [12]  170 	add a, dpl								; add buffer tail value to buffer address
      0000E9 50 02            [24]  171 	jnc uart_rx_isr_skip_dph
      0000EB 05 83            [12]  172 	inc dph
      0000ED                        173 uart_rx_isr_skip_dph:
      0000ED F5 82            [12]  174 	mov dpl, a
      0000EF E5 F0            [12]  175 	mov a, b							; restore character received
      0000F1 F0               [24]  176 	movx @dptr, a						; copy character to buffer
      0000F2                        177 uart_rx_isr_exit:
      0000F2 D0 E0            [24]  178 	pop acc
      0000F4 F8               [12]  179 	mov r0, a
      0000F5 D0 83            [24]  180 	pop dph
      0000F7 D0 82            [24]  181 	pop dpl
      0000F9 D0 D0            [24]  182 	pop psw
      0000FB D0 F0            [24]  183 	pop b
      0000FD D0 E0            [24]  184 	pop acc
      0000FF 32               [24]  185 	reti
                                    186 
      000100                        187 return_uart_rx_buffer:
      000100 90 00 00         [24]  188 	mov dptr, #uart_rx_buffer
      000103 22               [24]  189 	ret
                                    190 
      000104                        191 uart_rx_buffer_size:
      000104 90 01 01         [24]  192 	mov dptr, #uart_rx_buffer_tail
      000107 E0               [24]  193 	movx a, @dptr
      000108 F5 F0            [12]  194 	mov b, a
      00010A 90 01 00         [24]  195 	mov dptr, #uart_rx_buffer_head
      00010D E0               [24]  196 	movx a, @dptr
      00010E C3               [12]  197 	clr c
      00010F 95 F0            [12]  198 	subb a, b
      000111 22               [24]  199 	ret
                                    200 	
                                    201 .area XSEG (XDATA)
      000000                        202 uart_rx_buffer::		.ds		0x0100
      000100                        203 uart_rx_buffer_head::	.ds		0x01
      000101                        204 uart_rx_buffer_tail::	.ds		0x01
                                    205 
