ASxxxx Linker V03.00 + NoICE + sdld,  page 1.
Hexadecimal  [32-Bits]

Area                                    Addr        Size        Decimal Bytes (Attributes)
--------------------------------        ----        ----        ------- ----- ------------
CABS                                00000000    00000000 =           0. bytes (ABS,CON,CODE)

      Value  Global                              Global Defined In Module
      -----  --------------------------------   ------------------------
C:   00000000  l_BIT_BANK                      
C:   00000000  l_BSEG                          
C:   00000000  l_BSEG_BYTES                    
C:   00000000  l_CABS                          
C:   00000000  l_CONST                         
C:   00000000  l_GSINIT1                       
C:   00000000  l_GSINIT5                       
C:   00000000  l_IABS                          
C:   00000000  l_ISEG                          
C:   00000000  l_OSEG                          
C:   00000000  l_PSEG                          
C:   00000000  l_REG_BANK_1                    
C:   00000000  l_REG_BANK_2                    
C:   00000000  l_REG_BANK_3                    
C:   00000000  l_RSEG                          
C:   00000000  l_RSEG0                         
C:   00000000  l_RSEG1                         
C:   00000000  l_XABS                          
C:   00000000  l_XINIT                         
C:   00000000  l_XISEG                         
C:   00000000  l_XSEG                          
C:   00000000  l__CODE                         
C:   00000000  s_BSEG                          
C:   00000000  s_CABS                          
C:   00000000  s_DSEG                          
C:   00000000  s_IABS                          
C:   00000000  s_ISEG                          
C:   00000000  s_REG_BANK_0                    
C:   00000000  s_RSEG                          
C:   00000000  s_RSEG0                         
C:   00000000  s_RSEG1                         
C:   00000000  s_XABS                          
C:   00000001  s_PSEG                          
C:   00000001  s_XISEG                         
C:   00000001  s_XSEG                          
C:   00000003  l_GSFINAL                       
C:   00000003  l_GSINIT0                       
C:   00000006  l_HOME                          
C:   00000008  l_REG_BANK_0                    
C:   00000008  s_REG_BANK_1                    
C:   0000000A  l_GSINIT2                       
C:   00000010  s_REG_BANK_2                    
C:   00000018  s_BIT_BANK                      
C:   00000018  s_REG_BANK_3                    
C:   0000001F  l_GSINIT                        
C:   00000020  s_BSEG_BYTES                    
C:   00000020  s__CODE                         
C:   00000022  l_GSINIT3                       
C:   0000002A  l_GSINIT4                       
C:   00000030  s_OSEG                          
ASxxxx Linker V03.00 + NoICE + sdld,  page 2.
Hexadecimal  [32-Bits]

Area                                    Addr        Size        Decimal Bytes (Attributes)
--------------------------------        ----        ----        ------- ----- ------------
CABS                                00000000    00000000 =           0. bytes (ABS,CON,CODE)

      Value  Global                              Global Defined In Module
      -----  --------------------------------   ------------------------
C:   0000003C  s_SSEG                          
C:   00000058  l_DSEG                          
C:   000000C4  l_SSEG                          
C:   00000100  l_IRAM                          
C:   00000193  l_CSEG                          
C:   00000800  s_HOME                          
C:   00000806  s_GSINIT0                       
C:   00000809  s_GSINIT1                       
C:   00000809  s_GSINIT2                       
C:   00000813  s_GSINIT3                       
C:   00000835  s_GSINIT4                       
C:   0000085F  s_GSINIT                        
C:   0000085F  s_GSINIT5                       
C:   0000087E  s_GSFINAL                       
C:   00000881  s_CSEG                          
C:   00000A14  s_CONST                         
C:   00000A14  s_XINIT                         

ASxxxx Linker V03.00 + NoICE + sdld,  page 3.
Hexadecimal  [32-Bits]

Area                                    Addr        Size        Decimal Bytes (Attributes)
--------------------------------        ----        ----        ------- ----- ------------
.  .ABS.                            00000000    00000000 =           0. bytes (ABS,CON)

      Value  Global                              Global Defined In Module
      -----  --------------------------------   ------------------------
     00000000  .__.ABS.                           _startup
     00000080  _P0                                ADDFLT01
     00000080  _P0_0                              ADDFLT01
     00000081  _P0_1                              ADDFLT01
     00000081  _SP                                ADDFLT01
     00000082  _DPL                               ADDFLT01
     00000082  _P0_2                              ADDFLT01
     00000083  _DPH                               ADDFLT01
     00000083  _P0_3                              ADDFLT01
     00000084  _P0_4                              ADDFLT01
     00000085  _P0_5                              ADDFLT01
     00000086  _P0_6                              ADDFLT01
     00000087  _P0_7                              ADDFLT01
     00000087  _PCON                              ADDFLT01
     00000088  _IT0                               ADDFLT01
     00000088  _TCON                              ADDFLT01
     00000089  _IE0                               ADDFLT01
     00000089  _TMOD                              ADDFLT01
     0000008A  _IT1                               ADDFLT01
     0000008A  _TL0                               ADDFLT01
     0000008B  _IE1                               ADDFLT01
     0000008B  _TL1                               ADDFLT01
     0000008C  _TH0                               ADDFLT01
     0000008C  _TR0                               ADDFLT01
     0000008D  _TF0                               ADDFLT01
     0000008D  _TH1                               ADDFLT01
     0000008E  _TR1                               ADDFLT01
     0000008F  _TF1                               ADDFLT01
     00000090  _P1                                ADDFLT01
     00000090  _P1_0                              ADDFLT01
     00000091  _P1_1                              ADDFLT01
     00000092  _P1_2                              ADDFLT01
     00000093  _P1_3                              ADDFLT01
     00000094  _P1_4                              ADDFLT01
     00000095  _P1_5                              ADDFLT01
     00000096  _P1_6                              ADDFLT01
     00000097  _P1_7                              ADDFLT01
     00000098  _RI                                ADDFLT01
     00000098  _SCON                              ADDFLT01
     00000099  _SBUF                              ADDFLT01
     00000099  _TI                                ADDFLT01
     0000009A  _RB8                               ADDFLT01
     0000009B  _TB8                               ADDFLT01
     0000009C  _REN                               ADDFLT01
     0000009D  _SM2                               ADDFLT01
     0000009E  _SM1                               ADDFLT01
     0000009F  _SM0                               ADDFLT01
     000000A0  _P2                                ADDFLT01
     000000A0  _P2_0                              ADDFLT01
     000000A0  __XPAGE                            
ASxxxx Linker V03.00 + NoICE + sdld,  page 4.
Hexadecimal  [32-Bits]

Area                                    Addr        Size        Decimal Bytes (Attributes)
--------------------------------        ----        ----        ------- ----- ------------
.  .ABS.                            00000000    00000000 =           0. bytes (ABS,CON)

      Value  Global                              Global Defined In Module
      -----  --------------------------------   ------------------------
     000000A1  _P2_1                              ADDFLT01
     000000A2  _P2_2                              ADDFLT01
     000000A3  _P2_3                              ADDFLT01
     000000A4  _P2_4                              ADDFLT01
     000000A5  _P2_5                              ADDFLT01
     000000A6  _P2_6                              ADDFLT01
     000000A7  _P2_7                              ADDFLT01
     000000A8  _EX0                               ADDFLT01
     000000A8  _IE                                ADDFLT01
     000000A9  _ET0                               ADDFLT01
     000000AA  _EX1                               ADDFLT01
     000000AB  _ET1                               ADDFLT01
     000000AC  _ES                                ADDFLT01
     000000AF  _EA                                ADDFLT01
     000000B0  _P3                                ADDFLT01
     000000B0  _P3_0                              ADDFLT01
     000000B0  _RXD                               ADDFLT01
     000000B1  _P3_1                              ADDFLT01
     000000B1  _TXD                               ADDFLT01
     000000B2  _INT0                              ADDFLT01
     000000B2  _P3_2                              ADDFLT01
     000000B3  _INT1                              ADDFLT01
     000000B3  _P3_3                              ADDFLT01
     000000B4  _P3_4                              ADDFLT01
     000000B4  _T0                                ADDFLT01
     000000B5  _P3_5                              ADDFLT01
     000000B5  _T1                                ADDFLT01
     000000B6  _P3_6                              ADDFLT01
     000000B6  _WR                                ADDFLT01
     000000B7  _P3_7                              ADDFLT01
     000000B7  _RD                                ADDFLT01
     000000B8  _IP                                ADDFLT01
     000000B8  _PX0                               ADDFLT01
     000000B9  _PT0                               ADDFLT01
     000000BA  _PX1                               ADDFLT01
     000000BB  _PT1                               ADDFLT01
     000000BC  _PS                                ADDFLT01
     000000D0  _P                                 ADDFLT01
     000000D0  _PSW                               ADDFLT01
     000000D1  _F1                                ADDFLT01
     000000D2  _OV                                ADDFLT01
     000000D3  _RS0                               ADDFLT01
     000000D4  _RS1                               ADDFLT01
     000000D5  _F0                                ADDFLT01
     000000D6  _AC                                ADDFLT01
     000000D7  _CY                                ADDFLT01
     000000E0  _ACC                               ADDFLT01
     000000F0  _B                                 ADDFLT01

ASxxxx Linker V03.00 + NoICE + sdld,  page 5.
Hexadecimal  [32-Bits]

Area                                    Addr        Size        Decimal Bytes (Attributes)
--------------------------------        ----        ----        ------- ----- ------------
REG_BANK_0                          00000000    00000008 =           8. bytes (REL,OVR)

      Value  Global                              Global Defined In Module
      -----  --------------------------------   ------------------------
ASxxxx Linker V03.00 + NoICE + sdld,  page 6.
Hexadecimal  [32-Bits]

Area                                    Addr        Size        Decimal Bytes (Attributes)
--------------------------------        ----        ----        ------- ----- ------------
DSEG                                00000000    00000058 =          88. bytes (REL,CON)

      Value  Global                              Global Defined In Module
      -----  --------------------------------   ------------------------
     00000030  _var1                              ADDFLT01
     00000034  _var2                              ADDFLT01
     00000038  _var3                              ADDFLT01
ASxxxx Linker V03.00 + NoICE + sdld,  page 7.
Hexadecimal  [32-Bits]

Area                                    Addr        Size        Decimal Bytes (Attributes)
--------------------------------        ----        ----        ------- ----- ------------
SSEG                                0000003C    000000C4 =         196. bytes (REL,OVR)

      Value  Global                              Global Defined In Module
      -----  --------------------------------   ------------------------
     0000003C  __start__stack                     ADDFLT01

ASxxxx Linker V03.00 + NoICE + sdld,  page 8.
Hexadecimal  [32-Bits]

Area                                    Addr        Size        Decimal Bytes (Attributes)
--------------------------------        ----        ----        ------- ----- ------------
HOME                                00000800    00000006 =           6. bytes (REL,CON,CODE)

      Value  Global                              Global Defined In Module
      -----  --------------------------------   ------------------------
C:   00000803  __sdcc_program_startup             ADDFLT01

ASxxxx Linker V03.00 + NoICE + sdld,  page 9.
Hexadecimal  [32-Bits]

Area                                    Addr        Size        Decimal Bytes (Attributes)
--------------------------------        ----        ----        ------- ----- ------------
GSINIT0                             00000806    00000003 =           3. bytes (REL,CON,CODE)

      Value  Global                              Global Defined In Module
      -----  --------------------------------   ------------------------
C:   00000806  __sdcc_gsinit_startup              

ASxxxx Linker V03.00 + NoICE + sdld,  page 10.
Hexadecimal  [32-Bits]

Area                                    Addr        Size        Decimal Bytes (Attributes)
--------------------------------        ----        ----        ------- ----- ------------
GSINIT2                             00000809    0000000A =          10. bytes (REL,CON,CODE)

      Value  Global                              Global Defined In Module
      -----  --------------------------------   ------------------------
ASxxxx Linker V03.00 + NoICE + sdld,  page 11.
Hexadecimal  [32-Bits]

Area                                    Addr        Size        Decimal Bytes (Attributes)
--------------------------------        ----        ----        ------- ----- ------------
GSINIT3                             00000813    00000022 =          34. bytes (REL,CON,CODE)

      Value  Global                              Global Defined In Module
      -----  --------------------------------   ------------------------
C:   00000813  __mcs51_genXINIT                   

ASxxxx Linker V03.00 + NoICE + sdld,  page 12.
Hexadecimal  [32-Bits]

Area                                    Addr        Size        Decimal Bytes (Attributes)
--------------------------------        ----        ----        ------- ----- ------------
GSINIT4                             00000835    0000002A =          42. bytes (REL,CON,CODE)

      Value  Global                              Global Defined In Module
      -----  --------------------------------   ------------------------
C:   00000835  __mcs51_genRAMCLEAR                
C:   0000083B  __mcs51_genXRAMCLEAR               

ASxxxx Linker V03.00 + NoICE + sdld,  page 13.
Hexadecimal  [32-Bits]

Area                                    Addr        Size        Decimal Bytes (Attributes)
--------------------------------        ----        ----        ------- ----- ------------
GSINIT                              0000085F    0000001F =          31. bytes (REL,CON,CODE)

      Value  Global                              Global Defined In Module
      -----  --------------------------------   ------------------------
ASxxxx Linker V03.00 + NoICE + sdld,  page 14.
Hexadecimal  [32-Bits]

Area                                    Addr        Size        Decimal Bytes (Attributes)
--------------------------------        ----        ----        ------- ----- ------------
GSFINAL                             0000087E    00000003 =           3. bytes (REL,CON,CODE)

      Value  Global                              Global Defined In Module
      -----  --------------------------------   ------------------------
ASxxxx Linker V03.00 + NoICE + sdld,  page 15.
Hexadecimal  [32-Bits]

Area                                    Addr        Size        Decimal Bytes (Attributes)
--------------------------------        ----        ----        ------- ----- ------------
CSEG                                00000881    00000193 =         403. bytes (REL,CON,CODE)

      Value  Global                              Global Defined In Module
      -----  --------------------------------   ------------------------
C:   00000881  _main                              ADDFLT01
C:   000008AA  ___fsadd                           _fsadd
C:   000008AD  fsadd_direct_entry                 _fsadd
C:   00000903  fs_round_and_return                _fsreturnval
C:   0000091B  fs_zerocheck_return                _fsreturnval
C:   00000924  fs_return_zero                     _fsreturnval
C:   0000092C  fs_direct_return                   _fsreturnval
C:   0000093A  fs_return_inf                      _fsreturnval
C:   00000947  fs_return_nan                      _fsreturnval
C:   00000952  fs_swap_a_b                        _fsswapargs
C:   0000096C  fsgetargs                          _fsget2args
C:   0000099A  fs_rshift_a                        _fsrshift
C:   000009DD  fs_normalize_a                     _fsnormalize
C:   00000A10  __sdcc_external_startup            _startup

ASxxxx Linker V03.00 + NoICE + sdld,  page 16.

Files Linked                              [ module(s) ]

ADDFLT01.rel                              [  ]


Libraries Linked                          [ object file ]

C:\Program Files\SDCC\bin\..\lib\small/mcs51.lib
                                          [ crtclear.rel ]
C:\Program Files\SDCC\bin\..\lib\small/mcs51.lib
                                          [ crtxinit.rel ]
C:\Program Files\SDCC\bin\..\lib\small/mcs51.lib
                                          [ crtxclear.rel ]
C:\Program Files\SDCC\bin\..\lib\small/libfloat.lib
                                          [ _fsadd.rel ]
C:\Program Files\SDCC\bin\..\lib\small/libfloat.lib
                                          [ _fsreturnval.rel ]
C:\Program Files\SDCC\bin\..\lib\small/mcs51.lib
                                          [ crtpagesfr.rel ]
C:\Program Files\SDCC\bin\..\lib\small/libfloat.lib
                                          [ _fsswapargs.rel ]
C:\Program Files\SDCC\bin\..\lib\small/mcs51.lib
                                          [ crtstart.rel ]
C:\Program Files\SDCC\bin\..\lib\small/libfloat.lib
                                          [ _fsget2args.rel ]
C:\Program Files\SDCC\bin\..\lib\small/libfloat.lib
                                          [ _fsrshift.rel ]
C:\Program Files\SDCC\bin\..\lib\small/libfloat.lib
                                          [ _fsnormalize.rel ]
C:\Program Files\SDCC\bin\..\lib\small/libsdcc.lib
                                          [ _startup.rel ]

ASxxxx Linker V03.00 + NoICE + sdld,  page 17.

User Base Address Definitions

HOME = 0x0800
DSEG = 0x0030
XSEG = 0x0001
PSEG = 0x0001
ISEG = 0x0000
BSEG = 0x0000

